[backblue.gif]
[fade.gif]
[index.html]
[localhost_8080/portfolio/indexd784.html]
[localhost_8080/portfolio/indexa6da.html]
[localhost_8080/portfolio/wp-content/plugins/elementor/assets/lib/font-awesome/js/v4-shims.min1ed5.js]
[localhost_8080/portfolio/index52f0.json]
[localhost_8080/portfolio/indexc4fa.json]
[localhost_8080/portfolio/xmlrpc0db0.php]
[localhost_8080/portfolio/wp-includes/wlwmanifest.xml]
[localhost_8080/portfolio/index6535.json]
[localhost_8080/portfolio/indexc822.php]
[localhost_8080/portfolio/wp-content/uploads/2022/06/Informatic-2.png]
[localhost_8080/portfolio/wp-content/uploads/2022/06/Informatic-3.png]
[localhost_8080/portfolio/wp-content/uploads/2022/06/Panchaksharaiah-H-Siddalingappa-CV.pdf]
[localhost_8080/portfolio/wp-content/uploads/2022/06/My-project-3.png]
[localhost_8080/portfolio/wp-content/uploads/2022/06/Landing-Page-3.jpg]
[localhost_8080/portfolio/wp-content/uploads/2022/06/Music-game-App.jpg]
[localhost_8080/portfolio/wp-content/uploads/2022/06/Landing-Page-4.jpg]
[localhost_8080/portfolio/wp-content/uploads/2022/06/Book-My-Parking.jpg]
[localhost_8080/portfolio/wp-content/uploads/2022/06/Home-Page-1.jpg]
[localhost_8080/portfolio/wp-content/uploads/2022/06/About-Us-Page-1.jpg]
[localhost_8080/portfolio/wp-content/themes/astra/assets/js/minified/frontend.min3fd0.js]
[localhost_8080/portfolio/wp-content/plugins/elementor/assets/js/webpack.runtime.min1ed5.js]
[localhost_8080/portfolio/wp-includes/js/jquery/jquery.minaf6c.js]
[localhost_8080/portfolio/wp-includes/js/jquery/jquery-migrate.mind617.js]
[localhost_8080/portfolio/wp-content/plugins/elementor/assets/js/frontend-modules.min1ed5.js]
[localhost_8080/portfolio/wp-content/plugins/elementor/assets/lib/waypoints/waypoints.min05da.js]
[localhost_8080/portfolio/wp-includes/js/jquery/ui/core.min0028.js]
[localhost_8080/portfolio/wp-content/plugins/elementor/assets/js/frontend.min1ed5.js]
[localhost_8080/portfolio/wp-includes/js/underscore.minb37e.js]
[localhost_8080/portfolio/wp-includes/js/wp-util.minf049.js]
[localhost_8080/portfolio/wp-content/plugins/wpforms-lite/assets/js/integrations/elementor/frontend.mine945.js]
[localhost_8080/portfolio/index.html]
[localhost_8080/portfolio/wp-content/themes/astra/assets/css/minified/main.min3fd0.css]
[localhost_8080/portfolio/wp-includes/css/dist/block-library/style.minf049.css]
[localhost_8080/portfolio/wp-content/plugins/wpforms-lite/assets/css/wpforms-base.mine945.css]
[localhost_8080/portfolio/wp-content/plugins/documents-from-git/css/markdown-gitf049.css]
[localhost_8080/portfolio/wp-content/plugins/documents-from-git/css/github-markdownf049.css]
[localhost_8080/portfolio/wp-content/plugins/documents-from-git/css/nbconvertf049.css]
[localhost_8080/portfolio/wp-content/plugins/elementor/assets/lib/eicons/fonts/eicons5519.eot]
[localhost_8080/portfolio/wp-content/plugins/elementor/assets/lib/eicons/fonts/eicons5519.woff2]
[localhost_8080/portfolio/wp-content/plugins/elementor/assets/lib/eicons/fonts/eicons5519.woff]
[localhost_8080/portfolio/wp-content/plugins/elementor/assets/lib/eicons/fonts/eicons5519.ttf]
[localhost_8080/portfolio/wp-content/plugins/elementor/assets/lib/eicons/css/elementor-icons.min7816.css]
[localhost_8080/portfolio/wp-content/plugins/elementor/assets/css/frontend-lite.min1ed5.css]
[localhost_8080/portfolio/wp-content/uploads/elementor/css/post-2682a3e.css]
[localhost_8080/portfolio/wp-content/plugins/elementor/assets/lib/font-awesome/webfonts/fa-brands-400.eot]
[localhost_8080/portfolio/wp-content/plugins/elementor/assets/lib/font-awesome/webfonts/fa-brands-400.woff2]
[localhost_8080/portfolio/wp-content/plugins/elementor/assets/lib/font-awesome/webfonts/fa-brands-400.woff]
[localhost_8080/portfolio/wp-content/plugins/elementor/assets/lib/font-awesome/webfonts/fa-brands-400d41d.eot]
[localhost_8080/portfolio/wp-content/plugins/elementor/assets/lib/font-awesome/webfonts/fa-brands-400.ttf]
[localhost_8080/portfolio/wp-content/plugins/elementor/assets/lib/font-awesome/webfonts/fa-regular-400.eot]
[localhost_8080/portfolio/wp-content/plugins/elementor/assets/lib/font-awesome/webfonts/fa-regular-400d41d.eot]
[localhost_8080/portfolio/wp-content/plugins/elementor/assets/lib/font-awesome/webfonts/fa-regular-400.woff2]
[localhost_8080/portfolio/wp-content/plugins/elementor/assets/lib/font-awesome/webfonts/fa-regular-400.woff]
[localhost_8080/portfolio/wp-content/plugins/elementor/assets/lib/font-awesome/webfonts/fa-regular-400.ttf]
[localhost_8080/portfolio/wp-content/plugins/elementor/assets/lib/font-awesome/webfonts/fa-solid-900.eot]
[localhost_8080/portfolio/wp-content/plugins/elementor/assets/lib/font-awesome/webfonts/fa-solid-900.woff2]
[localhost_8080/portfolio/wp-content/plugins/elementor/assets/lib/font-awesome/webfonts/fa-solid-900d41d.eot]
[localhost_8080/portfolio/wp-content/plugins/elementor/assets/lib/font-awesome/webfonts/fa-solid-900.woff]
[localhost_8080/portfolio/wp-content/plugins/elementor/assets/lib/font-awesome/webfonts/fa-solid-900.ttf]
[localhost_8080/portfolio/wp-content/plugins/elementor/assets/lib/font-awesome/css/all.min1ed5.css]
[localhost_8080/portfolio/wp-content/plugins/elementor/assets/lib/font-awesome/css/v4-shims.min1ed5.css]
[localhost_8080/portfolio/wp-content/uploads/2022/06/andrew-neel-cckf4TsHAuw-unsplash-1.jpg]
[localhost_8080/portfolio/wp-content/uploads/2021/05/bg-05-free-img.jpg]
[localhost_8080/portfolio/wp-content/uploads/elementor/css/post-2677555.css]
[localhost_8080/portfolio/wp-content/plugins/elementor/assets/lib/font-awesome/css/fontawesome.min52d5.css]
[localhost_8080/portfolio/wp-content/plugins/elementor/assets/lib/font-awesome/css/solid.min52d5.css]
[localhost_8080/portfolio/index42e4.json]
[localhost_8080/portfolio/indexd3f6.json]
[localhost_8080/portfolio/index0a9f.php]
[localhost_8080/portfolio/wp-content/uploads/2022/06/IMG-0773-1.jpg]
[localhost_8080/portfolio/index3dcb.html]
[localhost_8080/portfolio/index54e8.json]
[localhost_8080/portfolio/index03c4.json]
[localhost_8080/portfolio/index0246.php]
[localhost_8080/portfolio/wp-content/uploads/2022/06/Logi-Signup-1.jpg]
[localhost_8080/portfolio/wp-content/uploads/2022/06/Parking-Place-Loction.jpg]
[localhost_8080/portfolio/wp-content/uploads/2022/06/Information-about-Parking-Place-1.jpg]
[localhost_8080/portfolio/wp-content/uploads/2022/06/Input-details-to-reserve-the-space.jpg]
[localhost_8080/portfolio/wp-content/uploads/2022/06/Adding-to-Favourite-List-1.jpg]
[localhost_8080/portfolio/wp-content/uploads/2022/06/Book-from-Favourite-List.jpg]
[localhost_8080/portfolio/wp-content/uploads/2022/06/Timing.jpg]
[localhost_8080/portfolio/wp-content/uploads/2022/06/User-Profile.jpg]
[localhost_8080/portfolio/wp-content/uploads/2022/06/Welcome-Screen-of-the-app.jpg]
[localhost_8080/portfolio/wp-content/uploads/2022/06/Additional-App-Settings.jpg]
[localhost_8080/portfolio/wp-content/uploads/2022/06/App-Settings.jpg]
[localhost_8080/portfolio/wp-content/uploads/2022/06/Song-Selection.jpg]
[localhost_8080/portfolio/wp-content/uploads/2022/06/Next-Information-of-the-App-Flow.jpg]
[localhost_8080/portfolio/wp-content/uploads/2022/06/Information-of-the-App-Flow.jpg]
[localhost_8080/portfolio/wp-content/uploads/2022/06/Download-Image-to-Scan.jpg]
[localhost_8080/portfolio/wp-content/uploads/2022/06/Successful-message.jpg]
[localhost_8080/portfolio/wp-content/uploads/2022/06/Home-Page.jpg]
[localhost_8080/portfolio/wp-content/uploads/2022/06/Services-Page.jpg]
[localhost_8080/portfolio/wp-content/uploads/2022/06/List-of-the-Doctors.jpg]
[localhost_8080/portfolio/wp-content/uploads/2022/06/User-Login-Signup.jpg]
[localhost_8080/portfolio/wp-content/uploads/2022/06/Book-Appointment.jpg]
[localhost_8080/portfolio/wp-content/uploads/2022/06/Appointment-Information.jpg]
[localhost_8080/portfolio/wp-content/uploads/2022/06/Doctor-Login.jpg]
[localhost_8080/portfolio/wp-content/uploads/2022/06/Cancle-Appointment.jpg]
[localhost_8080/portfolio/wp-content/uploads/2022/06/Information-About-Paper-Waste.jpg]
[localhost_8080/portfolio/wp-content/uploads/2022/06/Information-About-The-Company.jpg]
[localhost_8080/portfolio/wp-content/uploads/2022/06/User-Signup.jpg]
[localhost_8080/portfolio/wp-content/uploads/2022/06/User-Login.jpg]
[localhost_8080/portfolio/wp-content/uploads/2022/06/User-Profile-1.jpg]
[localhost_8080/portfolio/wp-content/uploads/2022/06/Book-Appointment-1.jpg]
[localhost_8080/portfolio/wp-content/uploads/2022/06/Appointment-Information-1.jpg]
[localhost_8080/portfolio/wp-content/uploads/2022/06/Landing-Page-1.jpg]
[localhost_8080/portfolio/wp-content/uploads/2022/06/About-Us-Page.jpg]
[localhost_8080/portfolio/wp-content/uploads/2022/06/Information-about-Education.jpg]
[localhost_8080/portfolio/wp-content/uploads/2022/06/Information-about-Work-History.jpg]
[localhost_8080/portfolio/wp-content/uploads/2022/06/Information-About-Skills.jpg]
[localhost_8080/portfolio/wp-content/uploads/2022/06/Information-about-Tools.jpg]
[localhost_8080/portfolio/wp-content/uploads/2022/06/Information-Projects.jpg]
[localhost_8080/portfolio/wp-content/uploads/2022/06/Contact-Us.jpg]
[localhost_8080/portfolio/index8067.html]
[localhost_8080/portfolio/index01ce.json]
[localhost_8080/portfolio/index3350.json]
[localhost_8080/portfolio/indexfb6d.php]
[localhost_8080/portfolio/wp-content/uploads/2021/05/bg-04-free-img.jpg]
[localhost_8080/portfolio/wp-content/plugins/wpforms-lite/assets/js/jquery.validate.min6134.js]
[localhost_8080/portfolio/wp-content/plugins/wpforms-lite/assets/js/mailcheck.mincfa9.js]
[localhost_8080/portfolio/wp-content/plugins/wpforms-lite/assets/js/punycode.min8a54.js]
[localhost_8080/portfolio/wp-content/plugins/wpforms-lite/assets/js/wpforms.mine945.js]
[localhost_8080/portfolio/index7f0d.html]
[localhost_8080/portfolio/wp-content/plugins/elementor/assets/css/widget-icon-list.min.css]
[localhost_8080/portfolio/wp-content/plugins/elementor/assets/css/widget-icon-box.min.css]
[localhost_8080/portfolio/wp-content/uploads/2022/06/Book-My-Parking.jpg]
[localhost_8080/portfolio/wp-content/themes/astra/assets/css/minified/galleries.min3fd0.css]
[localhost_8080/portfolio/wp-content/plugins/elementor/assets/lib/animations/animations.min1ed5.css]
[localhost_8080/portfolio/wp-content/plugins/wpforms-lite/assets/images/times-solid-white.svg]
[localhost_8080/portfolio/wp-content/plugins/elementor/assets/lib/eicons/fonts/eicons5519.svg]
[localhost_8080/portfolio/wp-content/plugins/elementor/assets/lib/font-awesome/webfonts/fa-brands-400.svg]
[localhost_8080/portfolio/wp-content/plugins/elementor/assets/lib/font-awesome/webfonts/fa-regular-400.svg]
[localhost_8080/portfolio/wp-content/plugins/elementor/assets/lib/font-awesome/webfonts/fa-solid-900.svg]
[localhost_8080/portfolio/wp-content/uploads/2022/06/carl-heyerdahl-KE0nC8-58MQ-unsplash.jpg]
[localhost_8080/portfolio/wp-content/uploads/2022/06/tim-mossholder-WE_Kv_ZB1l0-unsplash.jpg]
[localhost_8080/portfolio/wp-content/uploads/elementor/css/post-2695520.css]
[localhost_8080/portfolio/index67bc.html]
[localhost_8080/portfolio/wp-content/uploads/2022/06/IMG-0773-1.jpg]
[localhost_8080/portfolio/wp-content/uploads/2022/06/joanna-kosinska-7ACuHoezUYk-unsplash.jpg]
[localhost_8080/portfolio/wp-content/uploads/elementor/css/post-14eed0.css]
[localhost_8080/portfolio/index0b69.html]
[localhost_8080/portfolio/wp-content/uploads/2022/06/pawel-czerwinski-0xCCPIbl3M-unsplash.jpg]
[localhost_8080/portfolio/wp-content/uploads/elementor/css/post-16d5d9.css]
[localhost_8080/portfolio/index0e62.html]
[localhost_8080/portfolio/wp-content/plugins/wpforms-lite/assets/images/submit-spin.svg]
[localhost_8080/portfolio/wp-content/uploads/2022/06/tim-mossholder-WE_Kv_ZB1l0-unsplash.jpg]
[localhost_8080/portfolio/wp-content/uploads/2022/06/joanna-kosinska-7ACuHoezUYk-unsplash.jpg]
[localhost_8080/portfolio/wp-content/uploads/2022/06/tim-mossholder-WE_Kv_ZB1l0-unsplash.jpg]
